// Jest Snapshot v1, https://goo.gl/fbAQLP

exports[`z-range.vue Has the expected html structure 1`] = `
<div
  class="zui disc success range"
  style="width: 30px; height: 30px; margin: -15px 0px 0px -15px; transform: translate3d(0px, 0px, 0px);"
  title="z-range"
  type="range"
>
  <div
    class="z-pulse"
  />
   
  <section
    type="range-bar"
  >
    <svg
      class="scroll"
      viewBox="0 0 100 100"
      xmlns="http://www.w3.org/2000/svg"
    >
      <circle
        cx="50"
        cy="50"
        r="51"
        style="transform: rotate(0deg); stroke-dasharray: 314.1592653589793; stroke-dashoffset: 62.83185307179587; stroke-width: 9;"
      />
    </svg>
     
    <svg
      class="scroll2"
      style="transform: translate3d(3.7082039324993668px, -11.412678195541844px, 0px);"
      xmlns="http://www.w3.org/2000/svg"
    >
      <circle
        class="handlebar"
        cx="20"
        cy="20"
        r="8"
      />
    </svg>
  </section>
   
  <section
    class="label"
  >
    
      Test label prop
      
    <!---->
    
      
    
  </section>
   
  <div
    class="z-content"
  >
    <img
      height="100%"
      src="./images/test.png"
      width="100%"
    />
     
    <!---->
  </div>
   
  <div
    class="z-content"
  >
    <span
      class="overflow"
    >
      <p>
         lorem text 
      </p>
    </span>
  </div>
   
  <div />
</div>
`;
