// Jest Snapshot v1, https://goo.gl/fbAQLP

exports[`z-scale.vue Has the expected html structure (slots, z-scroll, z-slider) 1`] = `
<div
  class="zui disc success"
  style="width: 30px; height: 30px; margin: -15px 0px 0px -15px; transform: translate3d(0px, 0px, 0px);"
  title="z-scale"
  type="scale"
>
  <div
    class="z-pulse"
  />
   
  <svg
    class="slider"
    viewBox="0 0 100 100"
    xmlns="http://www.w3.org/2000/svg"
  >
    <circle
      cx="50"
      cy="50"
      r="51"
      style="transform: rotate(-90deg); stroke-dasharray: 314.1592653589793; stroke-dashoffset: 62.83185307179587; stroke-width: 9;"
    />
  </svg>
   
  <section
    class="label"
  >
    
      Test label prop
      
    <!---->
    
      80
    
  </section>
   
  <div
    class="z-content"
  >
    <img
      height="100%"
      src="./images/test.png"
      width="100%"
    />
     
    <!---->
  </div>
   
  <div
    class="z-content"
  >
    <span
      class="overflow"
    >
      <p>
         lorem text 
      </p>
    </span>
  </div>
   
  <div />
</div>
`;
